[2026-03-23T00:29:11.296+0000] {local_task_job_runner.py:120} INFO - ::group::Pre task execution logs
[2026-03-23T00:29:11.324+0000] {taskinstance.py:2076} INFO - Dependencies all met for dep_context=non-requeueable deps ti=<TaskInstance: normalize_orders_dag.load_stores manual__2026-03-23T00:22:25+00:00 [queued]>
[2026-03-23T00:29:11.330+0000] {taskinstance.py:2076} INFO - Dependencies all met for dep_context=requeueable deps ti=<TaskInstance: normalize_orders_dag.load_stores manual__2026-03-23T00:22:25+00:00 [queued]>
[2026-03-23T00:29:11.330+0000] {taskinstance.py:2306} INFO - Starting attempt 1 of 1
[2026-03-23T00:29:11.338+0000] {taskinstance.py:2330} INFO - Executing <Task(SQLExecuteQueryOperator): load_stores> on 2026-03-23 00:22:25+00:00
[2026-03-23T00:29:11.347+0000] {standard_task_runner.py:64} INFO - Started process 303 to run task
[2026-03-23T00:29:11.352+0000] {standard_task_runner.py:90} INFO - Running: ['***', 'tasks', 'run', 'normalize_orders_dag', 'load_stores', 'manual__2026-03-23T00:22:25+00:00', '--job-id', '12', '--raw', '--subdir', 'DAGS_FOLDER/normalized_orders_dags.py', '--cfg-path', '/tmp/tmpfcq4674j']
[2026-03-23T00:29:11.353+0000] {standard_task_runner.py:91} INFO - Job 12: Subtask load_stores
[2026-03-23T00:29:11.368+0000] {logging_mixin.py:188} WARNING - /home/***/.local/lib/python3.9/site-packages/***/settings.py:195 DeprecationWarning: The sql_alchemy_conn option in [core] has been moved to the sql_alchemy_conn option in [database] - the old setting has been used, but please update your config.
[2026-03-23T00:29:11.391+0000] {task_command.py:426} INFO - Running <TaskInstance: normalize_orders_dag.load_stores manual__2026-03-23T00:22:25+00:00 [running]> on host ca996c3bceb2
[2026-03-23T00:29:11.635+0000] {taskinstance.py:2648} INFO - Exporting env vars: AIRFLOW_CTX_DAG_OWNER='***' AIRFLOW_CTX_DAG_ID='normalize_orders_dag' AIRFLOW_CTX_TASK_ID='load_stores' AIRFLOW_CTX_EXECUTION_DATE='2026-03-23T00:22:25+00:00' AIRFLOW_CTX_TRY_NUMBER='1' AIRFLOW_CTX_DAG_RUN_ID='manual__2026-03-23T00:22:25+00:00'
[2026-03-23T00:29:11.636+0000] {taskinstance.py:430} INFO - ::endgroup::
[2026-03-23T00:29:11.643+0000] {sql.py:282} INFO - Executing: 
        insert into stores (store_id, store_address)
        select store_id, max(store_address)
        from raw_orders
        group by store_id;
        
[2026-03-23T00:29:11.644+0000] {crypto.py:82} WARNING - empty cryptography key - values will not be stored encrypted.
[2026-03-23T00:29:11.644+0000] {base.py:84} INFO - Using connection ID 'postgres_default' for task execution.
[2026-03-23T00:29:11.646+0000] {base.py:84} INFO - Using connection ID 'postgres_default' for task execution.
[2026-03-23T00:29:11.649+0000] {sql.py:495} INFO - Running statement: 
        insert into stores (store_id, store_address)
        select store_id, max(store_address)
        from raw_orders
        group by store_id;
        , parameters: None
[2026-03-23T00:29:12.239+0000] {sql.py:504} INFO - Rows affected: 3
[2026-03-23T00:29:12.242+0000] {taskinstance.py:441} INFO - ::group::Post task execution logs
[2026-03-23T00:29:12.256+0000] {taskinstance.py:1206} INFO - Marking task as SUCCESS. dag_id=normalize_orders_dag, task_id=load_stores, run_id=manual__2026-03-23T00:22:25+00:00, execution_date=20260323T002225, start_date=20260323T002911, end_date=20260323T002912
[2026-03-23T00:29:12.290+0000] {local_task_job_runner.py:243} INFO - Task exited with return code 0
[2026-03-23T00:29:12.328+0000] {taskinstance.py:3503} INFO - 1 downstream tasks scheduled from follow-on schedule check
[2026-03-23T00:29:12.329+0000] {local_task_job_runner.py:222} INFO - ::endgroup::
