[2026-03-23T00:29:22.159+0000] {local_task_job_runner.py:120} INFO - ::group::Pre task execution logs
[2026-03-23T00:29:22.177+0000] {taskinstance.py:2076} INFO - Dependencies all met for dep_context=non-requeueable deps ti=<TaskInstance: normalize_orders_dag.load_order_items manual__2026-03-23T00:22:25+00:00 [queued]>
[2026-03-23T00:29:22.181+0000] {taskinstance.py:2076} INFO - Dependencies all met for dep_context=requeueable deps ti=<TaskInstance: normalize_orders_dag.load_order_items manual__2026-03-23T00:22:25+00:00 [queued]>
[2026-03-23T00:29:22.182+0000] {taskinstance.py:2306} INFO - Starting attempt 1 of 1
[2026-03-23T00:29:22.188+0000] {taskinstance.py:2330} INFO - Executing <Task(SQLExecuteQueryOperator): load_order_items> on 2026-03-23 00:22:25+00:00
[2026-03-23T00:29:22.193+0000] {standard_task_runner.py:64} INFO - Started process 318 to run task
[2026-03-23T00:29:22.195+0000] {standard_task_runner.py:90} INFO - Running: ['***', 'tasks', 'run', 'normalize_orders_dag', 'load_order_items', 'manual__2026-03-23T00:22:25+00:00', '--job-id', '17', '--raw', '--subdir', 'DAGS_FOLDER/normalized_orders_dags.py', '--cfg-path', '/tmp/tmpwdl85szw']
[2026-03-23T00:29:22.197+0000] {standard_task_runner.py:91} INFO - Job 17: Subtask load_order_items
[2026-03-23T00:29:22.206+0000] {logging_mixin.py:188} WARNING - /home/***/.local/lib/python3.9/site-packages/***/settings.py:195 DeprecationWarning: The sql_alchemy_conn option in [core] has been moved to the sql_alchemy_conn option in [database] - the old setting has been used, but please update your config.
[2026-03-23T00:29:22.229+0000] {task_command.py:426} INFO - Running <TaskInstance: normalize_orders_dag.load_order_items manual__2026-03-23T00:22:25+00:00 [running]> on host ca996c3bceb2
[2026-03-23T00:29:22.403+0000] {taskinstance.py:2648} INFO - Exporting env vars: AIRFLOW_CTX_DAG_OWNER='***' AIRFLOW_CTX_DAG_ID='normalize_orders_dag' AIRFLOW_CTX_TASK_ID='load_order_items' AIRFLOW_CTX_EXECUTION_DATE='2026-03-23T00:22:25+00:00' AIRFLOW_CTX_TRY_NUMBER='1' AIRFLOW_CTX_DAG_RUN_ID='manual__2026-03-23T00:22:25+00:00'
[2026-03-23T00:29:22.403+0000] {taskinstance.py:430} INFO - ::endgroup::
[2026-03-23T00:29:22.409+0000] {sql.py:282} INFO - Executing: 
        insert into order_items (
            order_id,
            item_id,
            item_quantity,
            item_price,
            item_canceled_quantity,
            item_discount,
            item_replaced_id
        )
        select distinct
            order_id,
            item_id,
            item_quantity,
            item_price,
            item_canceled_quantity,
            item_discount,
            item_replaced_id
        from raw_orders;
        
[2026-03-23T00:29:22.410+0000] {crypto.py:82} WARNING - empty cryptography key - values will not be stored encrypted.
[2026-03-23T00:29:22.410+0000] {base.py:84} INFO - Using connection ID 'postgres_default' for task execution.
[2026-03-23T00:29:22.412+0000] {base.py:84} INFO - Using connection ID 'postgres_default' for task execution.
[2026-03-23T00:29:22.413+0000] {sql.py:495} INFO - Running statement: 
        insert into order_items (
            order_id,
            item_id,
            item_quantity,
            item_price,
            item_canceled_quantity,
            item_discount,
            item_replaced_id
        )
        select distinct
            order_id,
            item_id,
            item_quantity,
            item_price,
            item_canceled_quantity,
            item_discount,
            item_replaced_id
        from raw_orders;
        , parameters: None
[2026-03-23T00:29:31.728+0000] {sql.py:504} INFO - Rows affected: 773104
[2026-03-23T00:29:31.742+0000] {taskinstance.py:441} INFO - ::group::Post task execution logs
[2026-03-23T00:29:31.795+0000] {taskinstance.py:1206} INFO - Marking task as SUCCESS. dag_id=normalize_orders_dag, task_id=load_order_items, run_id=manual__2026-03-23T00:22:25+00:00, execution_date=20260323T002225, start_date=20260323T002922, end_date=20260323T002931
[2026-03-23T00:29:31.860+0000] {local_task_job_runner.py:243} INFO - Task exited with return code 0
[2026-03-23T00:29:31.902+0000] {taskinstance.py:3503} INFO - 0 downstream tasks scheduled from follow-on schedule check
[2026-03-23T00:29:31.905+0000] {local_task_job_runner.py:222} INFO - ::endgroup::
