[2026-03-23T00:40:16.068+0000] {local_task_job_runner.py:120} INFO - ::group::Pre task execution logs
[2026-03-23T00:40:16.087+0000] {taskinstance.py:2076} INFO - Dependencies all met for dep_context=non-requeueable deps ti=<TaskInstance: normalize_orders_dag.load_raw_orders manual__2026-03-23T00:40:12.980123+00:00 [queued]>
[2026-03-23T00:40:16.092+0000] {taskinstance.py:2076} INFO - Dependencies all met for dep_context=requeueable deps ti=<TaskInstance: normalize_orders_dag.load_raw_orders manual__2026-03-23T00:40:12.980123+00:00 [queued]>
[2026-03-23T00:40:16.093+0000] {taskinstance.py:2306} INFO - Starting attempt 1 of 1
[2026-03-23T00:40:16.100+0000] {taskinstance.py:2330} INFO - Executing <Task(PythonOperator): load_raw_orders> on 2026-03-23 00:40:12.980123+00:00
[2026-03-23T00:40:16.104+0000] {standard_task_runner.py:64} INFO - Started process 462 to run task
[2026-03-23T00:40:16.107+0000] {standard_task_runner.py:90} INFO - Running: ['***', 'tasks', 'run', 'normalize_orders_dag', 'load_raw_orders', 'manual__2026-03-23T00:40:12.980123+00:00', '--job-id', '19', '--raw', '--subdir', 'DAGS_FOLDER/normalized_orders_dags.py', '--cfg-path', '/tmp/tmpkgio8jid']
[2026-03-23T00:40:16.108+0000] {standard_task_runner.py:91} INFO - Job 19: Subtask load_raw_orders
[2026-03-23T00:40:16.117+0000] {logging_mixin.py:188} WARNING - /home/***/.local/lib/python3.9/site-packages/***/settings.py:195 DeprecationWarning: The sql_alchemy_conn option in [core] has been moved to the sql_alchemy_conn option in [database] - the old setting has been used, but please update your config.
[2026-03-23T00:40:16.133+0000] {task_command.py:426} INFO - Running <TaskInstance: normalize_orders_dag.load_raw_orders manual__2026-03-23T00:40:12.980123+00:00 [running]> on host ca996c3bceb2
[2026-03-23T00:40:16.340+0000] {taskinstance.py:2648} INFO - Exporting env vars: AIRFLOW_CTX_DAG_OWNER='***' AIRFLOW_CTX_DAG_ID='normalize_orders_dag' AIRFLOW_CTX_TASK_ID='load_raw_orders' AIRFLOW_CTX_EXECUTION_DATE='2026-03-23T00:40:12.980123+00:00' AIRFLOW_CTX_TRY_NUMBER='1' AIRFLOW_CTX_DAG_RUN_ID='manual__2026-03-23T00:40:12.980123+00:00'
[2026-03-23T00:40:16.341+0000] {taskinstance.py:430} INFO - ::endgroup::
[2026-03-23T00:40:16.347+0000] {logging_mixin.py:188} INFO - Найдены parquet-файлы:
[2026-03-23T00:40:16.348+0000] {logging_mixin.py:188} INFO -  - chunk_1130001_1140000.parquet
[2026-03-23T00:40:16.348+0000] {logging_mixin.py:188} INFO -  - chunk_1280001_1290000.parquet
[2026-03-23T00:40:16.348+0000] {logging_mixin.py:188} INFO -  - chunk_170001_180000.parquet
[2026-03-23T00:40:16.348+0000] {logging_mixin.py:188} INFO -  - chunk_1970001_1980000.parquet
[2026-03-23T00:40:16.348+0000] {logging_mixin.py:188} INFO -  - chunk_210001_220000.parquet
[2026-03-23T00:40:16.348+0000] {logging_mixin.py:188} INFO -  - chunk_2170001_2180000.parquet
[2026-03-23T00:40:16.348+0000] {logging_mixin.py:188} INFO -  - chunk_2270001_2280000.parquet
[2026-03-23T00:40:16.348+0000] {logging_mixin.py:188} INFO -  - chunk_2520001_2530000.parquet
[2026-03-23T00:40:16.348+0000] {logging_mixin.py:188} INFO -  - chunk_2600001_2610000.parquet
[2026-03-23T00:40:16.348+0000] {logging_mixin.py:188} INFO -  - chunk_2650001_2660000.parquet
[2026-03-23T00:40:16.348+0000] {logging_mixin.py:188} INFO -  - chunk_2710001_2720000.parquet
[2026-03-23T00:40:16.348+0000] {logging_mixin.py:188} INFO -  - chunk_2750001_2760000.parquet
[2026-03-23T00:40:16.349+0000] {logging_mixin.py:188} INFO -  - chunk_280001_290000.parquet
[2026-03-23T00:40:16.349+0000] {logging_mixin.py:188} INFO -  - chunk_300001_310000.parquet
[2026-03-23T00:40:16.349+0000] {logging_mixin.py:188} INFO -  - chunk_3060001_3070000.parquet
[2026-03-23T00:40:16.349+0000] {logging_mixin.py:188} INFO -  - chunk_3350001_3360000.parquet
[2026-03-23T00:40:16.349+0000] {logging_mixin.py:188} INFO -  - chunk_3510001_3520000.parquet
[2026-03-23T00:40:16.349+0000] {logging_mixin.py:188} INFO -  - chunk_3610001_3620000.parquet
[2026-03-23T00:40:16.349+0000] {logging_mixin.py:188} INFO -  - chunk_3890001_3900000.parquet
[2026-03-23T00:40:16.349+0000] {logging_mixin.py:188} INFO -  - chunk_3970001_3980000.parquet
[2026-03-23T00:40:16.349+0000] {logging_mixin.py:188} INFO -  - chunk_4020001_4030000.parquet
[2026-03-23T00:40:16.349+0000] {logging_mixin.py:188} INFO -  - chunk_4300001_4310000.parquet
[2026-03-23T00:40:16.349+0000] {logging_mixin.py:188} INFO -  - chunk_4680001_4690000.parquet
[2026-03-23T00:40:16.349+0000] {logging_mixin.py:188} INFO -  - chunk_4720001_4730000.parquet
[2026-03-23T00:40:16.349+0000] {logging_mixin.py:188} INFO -  - chunk_5360001_5370000.parquet
[2026-03-23T00:40:16.350+0000] {logging_mixin.py:188} INFO -  - chunk_5380001_5390000.parquet
[2026-03-23T00:40:16.350+0000] {logging_mixin.py:188} INFO -  - chunk_5540001_5550000.parquet
[2026-03-23T00:40:16.350+0000] {logging_mixin.py:188} INFO -  - chunk_590001_600000.parquet
[2026-03-23T00:40:16.350+0000] {logging_mixin.py:188} INFO -  - chunk_6110001_6120000.parquet
[2026-03-23T00:40:16.350+0000] {logging_mixin.py:188} INFO -  - chunk_6130001_6140000.parquet
[2026-03-23T00:40:16.350+0000] {logging_mixin.py:188} INFO -  - chunk_6520001_6530000.parquet
[2026-03-23T00:40:16.350+0000] {logging_mixin.py:188} INFO -  - chunk_6640001_6650000.parquet
[2026-03-23T00:40:16.350+0000] {logging_mixin.py:188} INFO -  - chunk_710001_720000.parquet
[2026-03-23T00:40:16.419+0000] {logging_mixin.py:188} INFO - 
Таблица raw_orders очищена. Начинается загрузка данных...
[2026-03-23T00:40:16.428+0000] {logging_mixin.py:188} INFO - 
Обрабатывается файл: chunk_1130001_1140000.parquet
[2026-03-23T00:40:16.428+0000] {logging_mixin.py:188} INFO - Всего строк в файле: 293631
[2026-03-23T00:40:49.029+0000] {logging_mixin.py:188} INFO -   Пакет 1: загружено 100000 строк, всего загружено из файла: 100000
[2026-03-23T00:41:19.599+0000] {logging_mixin.py:188} INFO -   Пакет 2: загружено 100000 строк, всего загружено из файла: 200000
[2026-03-23T00:41:50.290+0000] {logging_mixin.py:188} INFO -   Пакет 3: загружено 93631 строк, всего загружено из файла: 293631
[2026-03-23T00:41:50.378+0000] {logging_mixin.py:188} INFO - 
Обрабатывается файл: chunk_1280001_1290000.parquet
[2026-03-23T00:41:50.379+0000] {logging_mixin.py:188} INFO - Всего строк в файле: 288607
[2026-03-23T00:42:29.906+0000] {logging_mixin.py:188} INFO -   Пакет 1: загружено 100000 строк, всего загружено из файла: 100000
[2026-03-23T00:43:12.571+0000] {logging_mixin.py:188} INFO -   Пакет 2: загружено 100000 строк, всего загружено из файла: 200000
[2026-03-23T00:43:52.210+0000] {logging_mixin.py:188} INFO -   Пакет 3: загружено 88607 строк, всего загружено из файла: 288607
[2026-03-23T00:43:52.317+0000] {logging_mixin.py:188} INFO - 
Обрабатывается файл: chunk_170001_180000.parquet
[2026-03-23T00:43:52.318+0000] {logging_mixin.py:188} INFO - Всего строк в файле: 288198
[2026-03-23T00:44:34.807+0000] {logging_mixin.py:188} INFO -   Пакет 1: загружено 100000 строк, всего загружено из файла: 100000
[2026-03-23T00:45:18.255+0000] {logging_mixin.py:188} INFO -   Пакет 2: загружено 100000 строк, всего загружено из файла: 200000
[2026-03-23T00:46:00.185+0000] {logging_mixin.py:188} INFO -   Пакет 3: загружено 88198 строк, всего загружено из файла: 288198
[2026-03-23T00:46:00.310+0000] {logging_mixin.py:188} INFO - 
Обрабатывается файл: chunk_1970001_1980000.parquet
[2026-03-23T00:46:00.310+0000] {logging_mixin.py:188} INFO - Всего строк в файле: 286279
[2026-03-23T00:46:38.715+0000] {logging_mixin.py:188} INFO -   Пакет 1: загружено 100000 строк, всего загружено из файла: 100000
[2026-03-23T00:47:23.271+0000] {logging_mixin.py:188} INFO -   Пакет 2: загружено 100000 строк, всего загружено из файла: 200000
[2026-03-23T00:48:03.611+0000] {logging_mixin.py:188} INFO -   Пакет 3: загружено 86279 строк, всего загружено из файла: 286279
[2026-03-23T00:48:03.728+0000] {logging_mixin.py:188} INFO - 
Обрабатывается файл: chunk_210001_220000.parquet
[2026-03-23T00:48:03.729+0000] {logging_mixin.py:188} INFO - Всего строк в файле: 289829
[2026-03-23T00:48:49.254+0000] {logging_mixin.py:188} INFO -   Пакет 1: загружено 100000 строк, всего загружено из файла: 100000
[2026-03-23T00:49:30.122+0000] {logging_mixin.py:188} INFO -   Пакет 2: загружено 100000 строк, всего загружено из файла: 200000
[2026-03-23T00:50:15.197+0000] {logging_mixin.py:188} INFO -   Пакет 3: загружено 89829 строк, всего загружено из файла: 289829
[2026-03-23T00:50:15.445+0000] {logging_mixin.py:188} INFO - 
Обрабатывается файл: chunk_2170001_2180000.parquet
[2026-03-23T00:50:15.446+0000] {logging_mixin.py:188} INFO - Всего строк в файле: 287303
[2026-03-23T00:51:06.196+0000] {logging_mixin.py:188} INFO -   Пакет 1: загружено 100000 строк, всего загружено из файла: 100000
[2026-03-23T00:51:58.359+0000] {logging_mixin.py:188} INFO -   Пакет 2: загружено 100000 строк, всего загружено из файла: 200000
[2026-03-23T00:52:28.289+0000] {logging_mixin.py:188} INFO -   Пакет 3: загружено 87303 строк, всего загружено из файла: 287303
[2026-03-23T00:52:28.403+0000] {logging_mixin.py:188} INFO - 
Обрабатывается файл: chunk_2270001_2280000.parquet
[2026-03-23T00:52:28.403+0000] {logging_mixin.py:188} INFO - Всего строк в файле: 287406
[2026-03-23T00:53:20.691+0000] {logging_mixin.py:188} INFO -   Пакет 1: загружено 100000 строк, всего загружено из файла: 100000
[2026-03-23T00:54:15.887+0000] {logging_mixin.py:188} INFO -   Пакет 2: загружено 100000 строк, всего загружено из файла: 200000
[2026-03-23T00:55:00.389+0000] {logging_mixin.py:188} INFO -   Пакет 3: загружено 87406 строк, всего загружено из файла: 287406
[2026-03-23T00:55:00.521+0000] {logging_mixin.py:188} INFO - 
Обрабатывается файл: chunk_2520001_2530000.parquet
[2026-03-23T00:55:00.522+0000] {logging_mixin.py:188} INFO - Всего строк в файле: 286815
[2026-03-23T00:55:42.916+0000] {logging_mixin.py:188} INFO -   Пакет 1: загружено 100000 строк, всего загружено из файла: 100000
[2026-03-23T00:56:23.231+0000] {logging_mixin.py:188} INFO -   Пакет 2: загружено 100000 строк, всего загружено из файла: 200000
[2026-03-23T00:57:02.755+0000] {logging_mixin.py:188} INFO -   Пакет 3: загружено 86815 строк, всего загружено из файла: 286815
[2026-03-23T00:57:02.852+0000] {logging_mixin.py:188} INFO - 
Обрабатывается файл: chunk_2600001_2610000.parquet
[2026-03-23T00:57:02.853+0000] {logging_mixin.py:188} INFO - Всего строк в файле: 284961
[2026-03-23T00:57:46.488+0000] {logging_mixin.py:188} INFO -   Пакет 1: загружено 100000 строк, всего загружено из файла: 100000
[2026-03-23T00:58:27.830+0000] {logging_mixin.py:188} INFO -   Пакет 2: загружено 100000 строк, всего загружено из файла: 200000
[2026-03-23T00:59:05.108+0000] {logging_mixin.py:188} INFO -   Пакет 3: загружено 84961 строк, всего загружено из файла: 284961
[2026-03-23T00:59:05.189+0000] {logging_mixin.py:188} INFO - 
Обрабатывается файл: chunk_2650001_2660000.parquet
[2026-03-23T00:59:05.189+0000] {logging_mixin.py:188} INFO - Всего строк в файле: 283536
[2026-03-23T00:59:43.632+0000] {logging_mixin.py:188} INFO -   Пакет 1: загружено 100000 строк, всего загружено из файла: 100000
[2026-03-23T01:00:24.361+0000] {logging_mixin.py:188} INFO -   Пакет 2: загружено 100000 строк, всего загружено из файла: 200000
[2026-03-23T01:01:00.280+0000] {logging_mixin.py:188} INFO -   Пакет 3: загружено 83536 строк, всего загружено из файла: 283536
[2026-03-23T01:01:00.371+0000] {logging_mixin.py:188} INFO - 
Обрабатывается файл: chunk_2710001_2720000.parquet
[2026-03-23T01:01:00.371+0000] {logging_mixin.py:188} INFO - Всего строк в файле: 286937
[2026-03-23T01:01:45.528+0000] {logging_mixin.py:188} INFO -   Пакет 1: загружено 100000 строк, всего загружено из файла: 100000
[2026-03-23T01:02:33.125+0000] {logging_mixin.py:188} INFO -   Пакет 2: загружено 100000 строк, всего загружено из файла: 200000
[2026-03-23T01:03:07.737+0000] {logging_mixin.py:188} INFO -   Пакет 3: загружено 86937 строк, всего загружено из файла: 286937
[2026-03-23T01:03:07.844+0000] {logging_mixin.py:188} INFO - 
Обрабатывается файл: chunk_2750001_2760000.parquet
[2026-03-23T01:03:07.845+0000] {logging_mixin.py:188} INFO - Всего строк в файле: 285503
[2026-03-23T01:03:44.431+0000] {logging_mixin.py:188} INFO -   Пакет 1: загружено 100000 строк, всего загружено из файла: 100000
[2026-03-23T01:04:17.017+0000] {logging_mixin.py:188} INFO -   Пакет 2: загружено 100000 строк, всего загружено из файла: 200000
[2026-03-23T01:04:44.056+0000] {logging_mixin.py:188} INFO -   Пакет 3: загружено 85503 строк, всего загружено из файла: 285503
[2026-03-23T01:04:44.135+0000] {logging_mixin.py:188} INFO - 
Обрабатывается файл: chunk_280001_290000.parquet
[2026-03-23T01:04:44.135+0000] {logging_mixin.py:188} INFO - Всего строк в файле: 296440
[2026-03-23T01:05:22.363+0000] {logging_mixin.py:188} INFO -   Пакет 1: загружено 100000 строк, всего загружено из файла: 100000
[2026-03-23T01:05:56.190+0000] {logging_mixin.py:188} INFO -   Пакет 2: загружено 100000 строк, всего загружено из файла: 200000
[2026-03-23T01:06:34.979+0000] {logging_mixin.py:188} INFO -   Пакет 3: загружено 96440 строк, всего загружено из файла: 296440
[2026-03-23T01:06:35.146+0000] {logging_mixin.py:188} INFO - 
Обрабатывается файл: chunk_300001_310000.parquet
[2026-03-23T01:06:35.146+0000] {logging_mixin.py:188} INFO - Всего строк в файле: 286183
[2026-03-23T01:07:12.102+0000] {logging_mixin.py:188} INFO -   Пакет 1: загружено 100000 строк, всего загружено из файла: 100000
[2026-03-23T01:07:47.635+0000] {logging_mixin.py:188} INFO -   Пакет 2: загружено 100000 строк, всего загружено из файла: 200000
[2026-03-23T01:08:23.634+0000] {logging_mixin.py:188} INFO -   Пакет 3: загружено 86183 строк, всего загружено из файла: 286183
[2026-03-23T01:08:23.715+0000] {logging_mixin.py:188} INFO - 
Обрабатывается файл: chunk_3060001_3070000.parquet
[2026-03-23T01:08:23.715+0000] {logging_mixin.py:188} INFO - Всего строк в файле: 284096
[2026-03-23T01:09:10.104+0000] {logging_mixin.py:188} INFO -   Пакет 1: загружено 100000 строк, всего загружено из файла: 100000
[2026-03-23T01:09:46.238+0000] {logging_mixin.py:188} INFO -   Пакет 2: загружено 100000 строк, всего загружено из файла: 200000
[2026-03-23T01:10:20.160+0000] {logging_mixin.py:188} INFO -   Пакет 3: загружено 84096 строк, всего загружено из файла: 284096
[2026-03-23T01:10:20.465+0000] {logging_mixin.py:188} INFO - 
Обрабатывается файл: chunk_3350001_3360000.parquet
[2026-03-23T01:10:20.466+0000] {logging_mixin.py:188} INFO - Всего строк в файле: 284671
[2026-03-23T01:11:02.558+0000] {logging_mixin.py:188} INFO -   Пакет 1: загружено 100000 строк, всего загружено из файла: 100000
[2026-03-23T01:11:51.206+0000] {logging_mixin.py:188} INFO -   Пакет 2: загружено 100000 строк, всего загружено из файла: 200000
[2026-03-23T01:12:34.173+0000] {logging_mixin.py:188} INFO -   Пакет 3: загружено 84671 строк, всего загружено из файла: 284671
[2026-03-23T01:12:34.312+0000] {logging_mixin.py:188} INFO - 
Обрабатывается файл: chunk_3510001_3520000.parquet
[2026-03-23T01:12:34.312+0000] {logging_mixin.py:188} INFO - Всего строк в файле: 285164
[2026-03-23T01:13:16.887+0000] {logging_mixin.py:188} INFO -   Пакет 1: загружено 100000 строк, всего загружено из файла: 100000
[2026-03-23T01:13:51.325+0000] {logging_mixin.py:188} INFO -   Пакет 2: загружено 100000 строк, всего загружено из файла: 200000
[2026-03-23T01:14:20.351+0000] {logging_mixin.py:188} INFO -   Пакет 3: загружено 85164 строк, всего загружено из файла: 285164
[2026-03-23T01:14:20.436+0000] {logging_mixin.py:188} INFO - 
Обрабатывается файл: chunk_3610001_3620000.parquet
[2026-03-23T01:14:20.436+0000] {logging_mixin.py:188} INFO - Всего строк в файле: 288210
[2026-03-23T01:14:56.924+0000] {logging_mixin.py:188} INFO -   Пакет 1: загружено 100000 строк, всего загружено из файла: 100000
[2026-03-23T01:15:40.610+0000] {logging_mixin.py:188} INFO -   Пакет 2: загружено 100000 строк, всего загружено из файла: 200000
[2026-03-23T01:16:14.560+0000] {logging_mixin.py:188} INFO -   Пакет 3: загружено 88210 строк, всего загружено из файла: 288210
[2026-03-23T01:16:14.780+0000] {logging_mixin.py:188} INFO - 
Обрабатывается файл: chunk_3890001_3900000.parquet
[2026-03-23T01:16:14.780+0000] {logging_mixin.py:188} INFO - Всего строк в файле: 289893
[2026-03-23T01:16:52.261+0000] {logging_mixin.py:188} INFO -   Пакет 1: загружено 100000 строк, всего загружено из файла: 100000
[2026-03-23T01:17:28.827+0000] {logging_mixin.py:188} INFO -   Пакет 2: загружено 100000 строк, всего загружено из файла: 200000
[2026-03-23T01:18:02.415+0000] {logging_mixin.py:188} INFO -   Пакет 3: загружено 89893 строк, всего загружено из файла: 289893
[2026-03-23T01:18:02.495+0000] {logging_mixin.py:188} INFO - 
Обрабатывается файл: chunk_3970001_3980000.parquet
[2026-03-23T01:18:02.496+0000] {logging_mixin.py:188} INFO - Всего строк в файле: 286120
[2026-03-23T01:18:40.047+0000] {logging_mixin.py:188} INFO -   Пакет 1: загружено 100000 строк, всего загружено из файла: 100000
[2026-03-23T01:19:16.690+0000] {logging_mixin.py:188} INFO -   Пакет 2: загружено 100000 строк, всего загружено из файла: 200000
[2026-03-23T01:19:56.866+0000] {logging_mixin.py:188} INFO -   Пакет 3: загружено 86120 строк, всего загружено из файла: 286120
[2026-03-23T01:19:56.991+0000] {logging_mixin.py:188} INFO - 
Обрабатывается файл: chunk_4020001_4030000.parquet
[2026-03-23T01:19:56.993+0000] {logging_mixin.py:188} INFO - Всего строк в файле: 293449
[2026-03-23T01:20:27.858+0000] {logging_mixin.py:188} INFO -   Пакет 1: загружено 100000 строк, всего загружено из файла: 100000
[2026-03-23T01:21:10.272+0000] {logging_mixin.py:188} INFO -   Пакет 2: загружено 100000 строк, всего загружено из файла: 200000
[2026-03-23T01:21:45.703+0000] {logging_mixin.py:188} INFO -   Пакет 3: загружено 93449 строк, всего загружено из файла: 293449
[2026-03-23T01:21:45.797+0000] {logging_mixin.py:188} INFO - 
Обрабатывается файл: chunk_4300001_4310000.parquet
[2026-03-23T01:21:45.797+0000] {logging_mixin.py:188} INFO - Всего строк в файле: 287067
[2026-03-23T01:22:25.911+0000] {logging_mixin.py:188} INFO -   Пакет 1: загружено 100000 строк, всего загружено из файла: 100000
[2026-03-23T01:23:05.085+0000] {logging_mixin.py:188} INFO -   Пакет 2: загружено 100000 строк, всего загружено из файла: 200000
[2026-03-23T01:23:42.747+0000] {logging_mixin.py:188} INFO -   Пакет 3: загружено 87067 строк, всего загружено из файла: 287067
[2026-03-23T01:23:42.849+0000] {logging_mixin.py:188} INFO - 
Обрабатывается файл: chunk_4680001_4690000.parquet
[2026-03-23T01:23:42.849+0000] {logging_mixin.py:188} INFO - Всего строк в файле: 286221
[2026-03-23T01:24:22.849+0000] {logging_mixin.py:188} INFO -   Пакет 1: загружено 100000 строк, всего загружено из файла: 100000
[2026-03-23T01:24:56.950+0000] {logging_mixin.py:188} INFO -   Пакет 2: загружено 100000 строк, всего загружено из файла: 200000
[2026-03-23T01:25:29.402+0000] {logging_mixin.py:188} INFO -   Пакет 3: загружено 86221 строк, всего загружено из файла: 286221
[2026-03-23T01:25:29.498+0000] {logging_mixin.py:188} INFO - 
Обрабатывается файл: chunk_4720001_4730000.parquet
[2026-03-23T01:25:29.499+0000] {logging_mixin.py:188} INFO - Всего строк в файле: 286291
[2026-03-23T01:26:15.132+0000] {logging_mixin.py:188} INFO -   Пакет 1: загружено 100000 строк, всего загружено из файла: 100000
[2026-03-23T01:26:58.461+0000] {logging_mixin.py:188} INFO -   Пакет 2: загружено 100000 строк, всего загружено из файла: 200000
[2026-03-23T01:27:33.409+0000] {logging_mixin.py:188} INFO -   Пакет 3: загружено 86291 строк, всего загружено из файла: 286291
[2026-03-23T01:27:33.571+0000] {logging_mixin.py:188} INFO - 
Обрабатывается файл: chunk_5360001_5370000.parquet
[2026-03-23T01:27:33.572+0000] {logging_mixin.py:188} INFO - Всего строк в файле: 285208
[2026-03-23T01:28:20.315+0000] {logging_mixin.py:188} INFO -   Пакет 1: загружено 100000 строк, всего загружено из файла: 100000
[2026-03-23T01:28:59.970+0000] {logging_mixin.py:188} INFO -   Пакет 2: загружено 100000 строк, всего загружено из файла: 200000
[2026-03-23T01:29:34.832+0000] {logging_mixin.py:188} INFO -   Пакет 3: загружено 85208 строк, всего загружено из файла: 285208
[2026-03-23T01:29:34.942+0000] {logging_mixin.py:188} INFO - 
Обрабатывается файл: chunk_5380001_5390000.parquet
[2026-03-23T01:29:34.943+0000] {logging_mixin.py:188} INFO - Всего строк в файле: 286378
[2026-03-23T01:30:20.343+0000] {logging_mixin.py:188} INFO -   Пакет 1: загружено 100000 строк, всего загружено из файла: 100000
