[2026-03-23T00:29:16.262+0000] {local_task_job_runner.py:120} INFO - ::group::Pre task execution logs
[2026-03-23T00:29:16.317+0000] {taskinstance.py:2076} INFO - Dependencies all met for dep_context=non-requeueable deps ti=<TaskInstance: normalize_orders_dag.load_order_drivers manual__2026-03-23T00:22:25+00:00 [queued]>
[2026-03-23T00:29:16.338+0000] {taskinstance.py:2076} INFO - Dependencies all met for dep_context=requeueable deps ti=<TaskInstance: normalize_orders_dag.load_order_drivers manual__2026-03-23T00:22:25+00:00 [queued]>
[2026-03-23T00:29:16.340+0000] {taskinstance.py:2306} INFO - Starting attempt 1 of 1
[2026-03-23T00:29:16.381+0000] {taskinstance.py:2330} INFO - Executing <Task(SQLExecuteQueryOperator): load_order_drivers> on 2026-03-23 00:22:25+00:00
[2026-03-23T00:29:16.392+0000] {standard_task_runner.py:64} INFO - Started process 312 to run task
[2026-03-23T00:29:16.401+0000] {standard_task_runner.py:90} INFO - Running: ['***', 'tasks', 'run', 'normalize_orders_dag', 'load_order_drivers', 'manual__2026-03-23T00:22:25+00:00', '--job-id', '15', '--raw', '--subdir', 'DAGS_FOLDER/normalized_orders_dags.py', '--cfg-path', '/tmp/tmpgm82_oy5']
[2026-03-23T00:29:16.404+0000] {standard_task_runner.py:91} INFO - Job 15: Subtask load_order_drivers
[2026-03-23T00:29:16.429+0000] {logging_mixin.py:188} WARNING - /home/***/.local/lib/python3.9/site-packages/***/settings.py:195 DeprecationWarning: The sql_alchemy_conn option in [core] has been moved to the sql_alchemy_conn option in [database] - the old setting has been used, but please update your config.
[2026-03-23T00:29:16.474+0000] {task_command.py:426} INFO - Running <TaskInstance: normalize_orders_dag.load_order_drivers manual__2026-03-23T00:22:25+00:00 [running]> on host ca996c3bceb2
[2026-03-23T00:29:16.715+0000] {taskinstance.py:2648} INFO - Exporting env vars: AIRFLOW_CTX_DAG_OWNER='***' AIRFLOW_CTX_DAG_ID='normalize_orders_dag' AIRFLOW_CTX_TASK_ID='load_order_drivers' AIRFLOW_CTX_EXECUTION_DATE='2026-03-23T00:22:25+00:00' AIRFLOW_CTX_TRY_NUMBER='1' AIRFLOW_CTX_DAG_RUN_ID='manual__2026-03-23T00:22:25+00:00'
[2026-03-23T00:29:16.715+0000] {taskinstance.py:430} INFO - ::endgroup::
[2026-03-23T00:29:16.727+0000] {sql.py:282} INFO - Executing: 
        insert into order_drivers (
            order_id,
            driver_id,
            driver_delivery_cost,
            driver_delivered_at,
            driver_canceled_at,
            is_final_driver
        )
        select
            order_id,
            driver_id,
            max(delivery_cost),
            max(delivered_at),
            max(canceled_at),
            case when max(delivered_at) is not null then true else false end
        from raw_orders
        where driver_id is not null
        group by order_id, driver_id;
        
[2026-03-23T00:29:16.727+0000] {crypto.py:82} WARNING - empty cryptography key - values will not be stored encrypted.
[2026-03-23T00:29:16.728+0000] {base.py:84} INFO - Using connection ID 'postgres_default' for task execution.
[2026-03-23T00:29:16.729+0000] {base.py:84} INFO - Using connection ID 'postgres_default' for task execution.
[2026-03-23T00:29:16.732+0000] {sql.py:495} INFO - Running statement: 
        insert into order_drivers (
            order_id,
            driver_id,
            driver_delivery_cost,
            driver_delivered_at,
            driver_canceled_at,
            is_final_driver
        )
        select
            order_id,
            driver_id,
            max(delivery_cost),
            max(delivered_at),
            max(canceled_at),
            case when max(delivered_at) is not null then true else false end
        from raw_orders
        where driver_id is not null
        group by order_id, driver_id;
        , parameters: None
[2026-03-23T00:29:17.854+0000] {sql.py:504} INFO - Rows affected: 30225
[2026-03-23T00:29:17.863+0000] {taskinstance.py:441} INFO - ::group::Post task execution logs
[2026-03-23T00:29:17.890+0000] {taskinstance.py:1206} INFO - Marking task as SUCCESS. dag_id=normalize_orders_dag, task_id=load_order_drivers, run_id=manual__2026-03-23T00:22:25+00:00, execution_date=20260323T002225, start_date=20260323T002916, end_date=20260323T002917
[2026-03-23T00:29:17.928+0000] {local_task_job_runner.py:243} INFO - Task exited with return code 0
[2026-03-23T00:29:17.961+0000] {taskinstance.py:3503} INFO - 1 downstream tasks scheduled from follow-on schedule check
[2026-03-23T00:29:17.962+0000] {local_task_job_runner.py:222} INFO - ::endgroup::
